<?xml version="1.0" encoding="UTF-8" standalone="no"?><route><room id="1" name="Stairway"/><room id="2" name="Hallway 1"><object name="Scarf"/><object name="Soap"/></room></route>
